stored anime: 654
progress: 8/654
DROP: Jujutsu Kaisen: The Stage => Action,Music
DROP: Soaked in Bleach => Music,Drama,Documentary,Crime
DROP: Tan France: Beauty and the Bleach => Documentary
progress: 40/654
DROP: Attack on Titan II: End of the World => Horror,Science Fiction,Action
DROP: Attack on Titan: Counter Rockets => Action & Adventure,Sci-Fi & Fantasy
DROP: Attack on Titan: The Musical => Action
progress: 72/654
DROP: Immortal Demon Slayer => Fantasy,Action,Adventure,Family
DROP: Woochi: The Demon Slayer => Adventure,Action,Comedy,Fantasy
DROP: Demon Slayer => Horror
DROP: Stage Play "Demon Slayer: Kimetsu no Yaiba" => Music,Adventure,Drama
progress: 104/654
DROP: Death Note: Light Up the NEW World => Crime,Horror,Science Fiction,Thriller
DROP: Death Note: L Change the WorLd => Fantasy,Action,Thriller,Science Fiction,Mystery
DROP: Death Note: The Last Name => Fantasy,Thriller,Mystery
DROP: Death Note: New Generation => Crime,Drama,Mystery
DROP: Death Note: The Musical => Music,Crime,Drama,Mystery,Horror
DROP: Making of Death Note: The Last Name => Documentary
DROP: Making of Death Note => Documentary
DROP: Chainsaw Man: The Stage - Reze Arc => Romance,Action,Drama
DROP: Chainsaw Man: The Stage => Action,Comedy,Horror,Fantasy
DROP: The Texas Chainsaw Manicure => Comedy,Horror
DROP: Fullmetal Alchemist: The Final Alchemy => Action,Adventure,Fantasy
DROP: Fullmetal Alchemist: The Revenge of Scar => Fantasy,Action,Adventure
progress: 136/654
DROP: The Hunted Hunter => Crime,Action,Thriller
DROP: Hunter x Hunter: The Nightmare of Zoldyck => Music,Adventure,Action,Comedy,Fantasy,Drama
DROP: HUNTER X HUNTER THE STAGE => Action,Adventure
DROP: Hunter X => Horror,Action,Thriller
DROP: HUNTER X HUNTER THE STAGE 3 => Action,Adventure,Fantasy
DROP: Musical Hunter x Hunter => Music,Action,Adventure,Comedy,Fantasy
DROP: Hunter x Hunter: Real Stage => Drama,Action,Horror,Fantasy,Crime
DROP: Tokyo Ghoul 'S' => Action,Horror,Science Fiction,Fantasy
progress: 168/654
DROP: Going Berserk => Comedy
DROP: Berserk - Veien Til Valhall => Documentary,Action & Adventure
DROP: Berserk - i pionerenes farvann => Documentary,Reality
DROP: Berserk mot Sydpolen => Documentary,Reality
DROP: THE LEVELING OF SOLO LEVELING => Documentary
progress: 200/654
DROP: Tokyo Revengers 2 Part 1: Bloody Halloween - Destiny => Action,Crime,Drama
DROP: Tokyo Revengers 2 Part 2: Bloody Halloween - Final Battle => Action,Crime,Drama
DROP: Cowboy Bebop: Don't Bother None => Action,Crime,Western
progress: 232/654
DROP: Oshi no Ko -The Final Act- => Drama,Music,Fantasy
DROP: Monster: The Ed Gein Story => Crime,Drama
DROP: DAHMER - Monster: The Jeffrey Dahmer Story => Crime,Drama
progress: 264/654
DROP: Monster Hunter => Action,Fantasy,Adventure
DROP: A Monster Calls => Fantasy,Adventure,Family
DROP: Money Monster => Thriller,Drama
DROP: Monster Trucks => Action,Comedy,Science Fiction
DROP: American Monster => Crime,Documentary
DROP: Jojo Rabbit => Comedy,War,Drama
DROP: Jojo's World => Drama,Comedy
DROP: JoJo Goes => Documentary
DROP: Jojo sucht das Glück => Drama
DROP: Jojo Nove e Meia => Talk,Comedy
DROP: JoJo: The Pop Princess => Documentary,Comedy
DROP: JoJo's Juice => Comedy
DROP: Cliché - Hello JoJo => Documentary
DROP: Parasyte: The Grey => Sci-Fi & Fantasy,Action & Adventure,Drama
DROP: Parasyte: Part 1 => Science Fiction,Horror,Action,Drama
DROP: Parasyte: Part 2 => Science Fiction,Horror,Action,Drama
DROP: Parasyte: TAMIYA => Sci-Fi & Fantasy
progress: 296/654
DROP: Mob Psycho 100 ~Ura tai Ura ~ => Comedy,Science Fiction
DROP: Mob Psycho 100 (Crash! Claw's 7th Branch) => Comedy
DROP: Gintama 2: The Exceedingly Strange Gintama-chan => Action & Adventure,Comedy
DROP: Gintama 2: Rules Are Made to Be Broken => Comedy,Action,Science Fiction
progress: 328/654
DROP: Gintama: Mitsuba Arc => Comedy
DROP: Gintama: Love Incense Arc => Drama,Comedy,Romance
DROP: Bungo Stray Dogs the Movie: BEAST => Action,Crime,Fantasy
DROP: Bungo Stray Dogs on Stage: Osamu Dazai's Entrance Exam => Action,Crime
DROP: Bungo Stray Dogs on Stage: Dark Era => Action,Crime,Drama
DROP: Bungo Stray Dogs on Stage: STORM BRINGER => Action,Science Fiction
DROP: Bungo Stray Dogs on Stage: Dazai, Chuuya, Age Fifteen => Action,Fantasy
DROP: Bungo Stray Dogs on Stage: DEAD APPLE => Fantasy,Science Fiction
DROP: Bungo Stray Dogs on Stage => Fantasy,Science Fiction
DROP: Bungo Stray Dogs on Stage: Three Companies Conflict => Fantasy,Science Fiction
progress: 360/654
DROP: Overlord and the Underwoods => Comedy,Family,Kids
DROP: Nazi Overlord => Action,Horror,Mystery
DROP: Becoming the Wife of a Dark Cult Overlord => Drama
DROP: Overlord: Blood Genealogy => Crime,Action & Adventure
DROP: The Romantic of the Overlord => Action,Comedy
DROP: Action Team Overlord Flower => Action
DROP: Overlord: Bloodline of Brutality III => Crime,Action,Adventure
DROP: Okehazama: Oda Nobunaga Birth of the Overlord => Drama,History,TV Movie
DROP: Operation Overlord => War
DROP: Overlord: Bloodline of Misfortune II => Crime,Action,Adventure
DROP: Neon Genesis Evangelion: Theatrical Edition #26 Live Action Part (Special Rush Edit Version) => Drama
DROP: The Eighty Six => Documentary
progress: 392/654
DROP: GTO: Great Teacher Onizuka => Comedy,Drama
DROP: Hyper Projection Play "Haikyuu!!" A View From The Top => Drama,Comedy
DROP: Hyper Projection Play "Haikyuu!!" The Strongest Challengers => Drama
DROP: Hyper Projection Play "Haikyuu!!" The Tokyo Match => Drama
DROP: Hyper Projection Play "Haikyuu!!" Karasuno, Revival! => Drama
DROP: Hyper Projection Play "Haikyuu!!" Winners and Losers => Drama
DROP: Hyper Projection Play "Haikyuu!!" The Strongest Team => Drama
DROP: Hyper Projection Play "Haikyuu!!" The Start of the Giant => Drama
DROP: Hyper Projection Play "Haikyuu!!" The Summer of Evolution => Drama
DROP: Initial Data: Death => Action & Adventure,Mystery
DROP: Untitled Live-Action Initial D Film => Action,Drama
DROP: Zone of Initial Dilution => Documentary
DROP: Rurouni Kenshin: The Final => Action,Adventure,History,Drama
DROP: Rurouni Kenshin: The Beginning => Action,Adventure,Drama,Romance
progress: 424/654
DROP: Rurouni Kenshin Part I: Origins => Adventure,Action,Fantasy,War,History
DROP: Rurouni Kenshin Part III: The Legend Ends => Action,Adventure,Fantasy
DROP: Rurouni Kenshin Part II: Kyoto Inferno => Action,Adventure,Drama,Fantasy
DROP: Takarazuka Revue - Rurouni Kenshin - The Romantic Story of a Meiji Swordsman- => Romance,Music,Action
DROP: Pretty Guardian Sailor Moon => Drama,Sci-Fi & Fantasy
DROP: Sailor Moon - Sailor Stars => Music
DROP: Sailor Moon - Le Mouvement Final => Fantasy
DROP: Sailor Moon - Amour Eternal => Fantasy
DROP: Sailor Moon SuperS - Dream Warriors - Love - Into Eternity (Revision) => Music
DROP: Sailor Moon the Movie => Drama,Fantasy,Romance,Action
DROP: Sailor Moon - Birth! The Princess of Darkness, Black Lady => Adventure
DROP: Your Lie in April: Finale Event => Music
progress: 456/654
DROP: Breakfast on Pluto => Drama,Comedy
DROP: The Pluto Moment => Drama
DROP: Pluto Squad => Mystery,Drama
DROP: So Long Pluto => Family,Comedy
DROP: Destination: Pluto => Documentary
DROP: BLUE LOCK - 2ND STAGE => Music
DROP: BLUE LOCK - 3RD STAGE => Music
DROP: Zindagi Abhi Baki Hai Mere Ghost => Comedy,Mystery,Sci-Fi & Fantasy
progress: 488/654
DROP: Yu Yu Hakusho: Stage Drama => Action,Fantasy,Drama
DROP: Yu Yu Hakusho: Stage Drama Chapter 2 => Action,Fantasy,Drama
DROP: Noblesse Oblige => Drama
DROP: The Magnificent Seven Deadly Sins => Comedy
DROP: The Seven Deadly Sins By Gauthier Dance => Music
DROP: Housing Estates: The Seven Deadly Sins => Comedy,Drama
DROP: One Battle After Another => Thriller,Crime,Comedy
DROP: Another Self => Drama
DROP: Another Simple Favor => Comedy,Thriller,Mystery
DROP: Daughter from Another Mother => Comedy,Drama
progress: 520/654
DROP: Another Period => Comedy
DROP: Die Another Day => Adventure,Action,Thriller
DROP: Another Life => Sci-Fi & Fantasy,Drama
DROP: Another Round => Comedy,Drama
DROP: Not Another Teen Movie => Comedy
DROP: Another Cinderella Story => Music,Comedy,Romance,Family
DROP: Another Miss Oh => Comedy,Drama
DROP: Darkness: Those Who Kill => Crime
DROP: First Kill => Drama,Mystery
DROP: Thou Shalt Not Kill => Drama,Mystery,Crime
DROP: Homicide: Hours to Kill => Crime,Documentary
DROP: Kill Her Goats => Horror
DROP: Royal Kill List => Documentary
DROP: Kill! => Action,Comedy
DROP: Barcelona Kill => Crime,Drama
DROP: Mission Kill => Crime,Action,Adventure
DROP: Kill Me Tomorrow => Horror,Romance
DROP: Violet Evergarden Orchestra Concert => Music
DROP: ANOHANA FES. => Music
DROP: Until I, Who Was Unable to Go to School, Wrote "anohana" and "The Anthem of the Heart" => Drama
progress: 552/654
DROP: Clannad - Live At Christ Church Cathedral => Music
DROP: Clannad: Pastpresent => Music
DROP: Clannad: A Celtic Dream => Documentary,Music
DROP: Southern Food Truck Wars => Reality
DROP: Monster SeaFood Wars => Action,Comedy,Science Fiction
DROP: RoOT - Route of OddTaxi - => Mystery,Crime,Comedy
DROP: Sonny Boy-A Tribute to my Late Grandfather => Drama,Documentary
DROP: Memphis Slim & Sonny Boy Williamson Live In Europe => Music
DROP: Sonny Boy, Public Enemy Number 1 of Cebu City => Action
progress: 584/654
DROP: The Roots of To Your Eternity => Documentary
DROP: Call Me by Your Name => Romance,Drama
DROP: Your Name Engraved Herein => Romance,Drama
DROP: Live Up to Your Name => Drama
DROP: When the Devil Calls Your Name => Comedy
DROP: Echoes of Your Name => Drama
DROP: Tell Me Your Name => Sci-Fi & Fantasy,Mystery
DROP: Summer in Your Name => Drama
DROP: Spell Your Name => Documentary,Drama
DROP: ...And Your Name Is Jonah => Drama,TV Movie
DROP: Cardboard By Your Name => Romance,Comedy,Drama
DROP: Death Knows Your Name => Horror
DROP: Your Name Here => Drama,Horror
DROP: In the Night I Remember Your Name => Drama,Documentary
DROP: Remember Your Name => War,Drama
DROP: I wrote that I like your name => Drama
DROP: Musical "Moriarty the Patriot" => Drama,History,Mystery
DROP: Musical "Moriarty the Patriot" Op.3 - The Phantom Of Whitechapel - => Drama,History,Mystery
DROP: Musical "Moriarty the Patriot" Op.2 - A Scandal In British Empire - => Drama,History,Mystery
progress: 616/654
DROP: Musical "Moriarty the Patriot" Op.4 - The Two Criminals - => Drama,History,Mystery
DROP: Musical "Moriarty the Patriot" Op.5 The Final Problem => Music,Mystery
DROP: Party Drifters => Drama
DROP: Two Drifters => Drama
DROP: The Drifters => Drama
DROP: Beijing Drifters Love Story => Drama
DROP: Golden Kamuy -The Abashiri Prison Raid- => Action,Drama,History,Adventure
DROP: Golden Kamuy -The Hunt of Prisoners in Hokkaido- => Action & Adventure,Comedy,Mystery
DROP: Golden Kamuy: Sapporo Beer Factory Arc => Adventure,History
DROP: No One Outside => Drama
DROP: Paranoia Agent: Part 2 => Thriller,Drama
DROP: Paranoia Agent - Interview Files => Documentary
DROP: Boy Erased => Drama
DROP: Message Erased => Comedy
DROP: Erased: WW2's Heroes of Color => Documentary,War & Politics
progress: 648/654
DROP: History Erased => Documentary
DROP: The Erased Women => Documentary
DROP: A Murder Erased => Crime
DONE kept=460 dropped=194 noGenreKept=68 fetchFailed=3
